apiVersion: v1
kind: ServiceAccount
metadata:
  creationTimestamp: null
  labels:
    app: camunda-platform
    app.kubernetes.io/component: core
    app.kubernetes.io/instance: camunda-orchestration
    app.kubernetes.io/managed-by: orchestrationcluster-controller
    app.kubernetes.io/name: camunda-platform
    app.kubernetes.io/part-of: camunda-platform
    app.kubernetes.io/version: 8.8.0-alpha1
  name: camunda-orchestration-core
  namespace: camunda-orchestration-namespace
