apiVersion: v1
kind: Service
metadata:
  creationTimestamp: null
  labels:
    app: camunda-platform
    app.kubernetes.io/component: core
    app.kubernetes.io/instance: camunda-orchestration
    app.kubernetes.io/managed-by: orchestrationcluster-controller
    app.kubernetes.io/name: camunda-platform
    app.kubernetes.io/part-of: camunda-platform
    app.kubernetes.io/version: 8.8.0-alpha1
  name: camunda-orchestration
  namespace: camunda-orchestration-namespace
spec:
  clusterIP: None
  ports:
  - name: http
    port: 8080
    targetPort: 0
  - name: management
    port: 9600
    targetPort: 0
  - name: gateway
    port: 26500
    targetPort: 0
  - name: command
    port: 26501
    targetPort: 0
  - name: internal
    port: 26502
    targetPort: 0
  publishNotReadyAddresses: true
  selector:
    app: camunda-platform
    app.kubernetes.io/component: core
    app.kubernetes.io/instance: camunda-orchestration
    app.kubernetes.io/managed-by: orchestrationcluster-controller
    app.kubernetes.io/name: camunda-platform
    app.kubernetes.io/part-of: camunda-platform
status:
  loadBalancer: {}
